// Jest Snapshot v1, https://goo.gl/fbAQLP

exports[`AlertDetailsAppSection should render annotations 1`] = `
Array [
  Object {
    "annotation": Object {
      "endTimestamp": undefined,
      "timestamp": "2023-03-28T13:40:00.000Z",
    },
    "dataView": undefined,
    "filterQuery": "",
    "groupBy": Array [
      "host.hostname",
    ],
    "metricExpression": Object {
      "comparator": ">",
      "metrics": Array [
        Object {
          "aggType": "count",
          "name": "A",
        },
      ],
      "threshold": Array [
        2000,
      ],
      "timeSize": 15,
      "timeUnit": "m",
    },
    "timeRange": Object {
      "from": "2023-03-28T10:43:13.802Z",
      "to": "2023-03-29T13:14:09.581Z",
    },
  },
  Object {},
]
`;
